[2026-06-23 00:10:15] Checking for updates...
[2026-06-23 00:10:16] Aplikasi sudah up-to-date
[2026-06-23 00:46:24] Checking for updates...
[2026-06-23 00:46:25] Update tersedia: 0 commit(s) di remote (3f02b90 → c0da7aa)
[2026-06-23 01:39:54] Pull successful
[2026-06-23 01:41:02] Checking for updates...
[2026-06-23 01:41:03] Update tersedia: 0 commit(s) di remote (29270bb → 50592d8)
[2026-06-23 01:45:56] Checking for updates...
[2026-06-23 01:45:57] Aplikasi sudah up-to-date
[2026-06-23 01:46:03] Checking for updates...
[2026-06-23 01:46:04] Aplikasi sudah up-to-date
[2026-06-23 09:36:56] Checking for updates...
[2026-06-23 09:36:57] Aplikasi sudah up-to-date
[2026-06-23 10:04:56] Pull successful
[2026-06-23 10:05:19] Checking for updates...
[2026-06-23 10:05:20] Update tersedia: 0 commit(s) di remote (e8c7b2b → dc7525e)
[2026-06-23 11:23:06] Checking for updates...
[2026-06-23 11:23:07] Update tersedia: 0 commit(s) di remote (e8c7b2b → dc7525e)
[2026-06-23 11:27:54] Pulling updates dari origin/master...
[2026-06-23 23:53:03] Checking for updates...
[2026-06-23 23:53:04] Update tersedia: 0 commit(s) di remote (c40b7c3 → dc7525e)
[2026-06-23 23:53:23] Pulling updates dari origin/master...
[2026-07-02 03:14:24] Stash pop warning: warning: Cannot merge binary files: PACKAGE/RRBILLINGPRO/RRBILLINGPRO.exe (Updated upstream:PACKAGE/RRBILLINGPRO/RRBILLINGPRO.exe vs. Stashed changes:dist/RR_BILLING_PRO.exe)
Auto-merging PACKAGE/RRBILLINGPRO/RRBILLINGPRO.exe
CONFLICT (content): Merge conflict in PACKAGE/RRBILLINGPRO/RRBILLINGPRO.exe
CONFLICT (rename/delete): build/main/generated-a606373ee2dd86a0fb4c0f93eaf98501d6e968e976f97e3a6cb94a59cac517ab.ico renamed to PACKAGE/RRBILLINGPRO/logo.ico in Updated upstream, but deleted in Stashed changes.
CONFLICT (modify/delete): RR_BILLING_PRO.spec deleted in Updated upstream and modified in Stashed changes.  Version Stashed changes of RR_BILLING_PRO.spec left in tree.
CONFLICT (modify/delete): build/RR_BILLING_PRO/Analysis-00.toc deleted in Updated upstream and modified in Stashed changes.  Version Stashed changes of build/RR_BILLING_PRO/Analysis-00.toc left in tree.
CONFLICT (modify/delete): build/RR_BILLING_PRO/EXE-00.toc deleted in Updated upstream and modified in Stashed changes.  Version Stashed changes of build/RR_BILLING_PRO/EXE-00.toc left in tree.
CONFLICT (modify/delete): build/RR_BILLING_PRO/PKG-00.toc deleted in Updated upstream and modified in Stashed changes.  Version Stashed changes of build/RR_BILLING_PRO/PKG-00.toc left in tree.
CONFLICT (modify/delete): build/RR_BILLING_PRO/PYZ-00.pyz deleted in Updated upstream and modified in Stashed changes.  Version Stashed changes of build/RR_BILLING_PRO/PYZ-00.pyz left in tree.
CONFLICT (modify/delete): build/RR_BILLING_PRO/PYZ-00.toc deleted in Updated upstream and modified in Stashed changes.  Version Stashed changes of build/RR_BILLING_PRO/PYZ-00.toc left in tree.
CONFLICT (modify/delete): build/RR_BILLING_PRO/base_library.zip deleted in Updated upstream and modified in Stashed changes.  Version Stashed changes of build/RR_BILLING_PRO/base_library.zip left in tree.
CONFLICT (modify/delete): build/RR_BILLING_PRO/warn-RR_BILLING_PRO.txt deleted in Updated upstream and modified in Stashed changes.  Version Stashed changes of build/RR_BILLING_PRO/warn-RR_BILLING_PRO.txt left in tree.
CONFLICT (modify/delete): build/RR_BILLING_PRO/xref-RR_BILLING_PRO.html deleted in Updated upstream and modified in Stashed changes.  Version Stashed changes of build/RR_BILLING_PRO/xref-RR_BILLING_PRO.html left in tree.
CONFLICT (modify/delete): build/main/Analysis-00.toc deleted in Updated upstream and modified in Stashed changes.  Version Stashed changes of build/main/Analysis-00.toc left in tree.
CONFLICT (modify/delete): build/main/EXE-00.toc deleted in Updated upstream and modified in Stashed changes.  Version Stashed changes of build/main/EXE-00.toc left in tree.
CONFLICT (modify/delete): build/main/PKG-00.toc deleted in Updated upstream and modified in Stashed changes.  Version Stashed changes of build/main/PKG-00.toc left in tree.
CONFLICT (modify/delete): build/main/PYZ-00.toc deleted in Updated upstream and modified in Stashed changes.  Version Stashed changes of build/main/PYZ-00.toc left in tree.
CONFLICT (modify/delete): build/main/base_library.zip deleted in Updated upstream and modified in Stashed changes.  Version Stashed changes of build/main/base_library.zip left in tree.
CONFLICT (modify/delete): build/main/warn-main.txt deleted in Updated upstream and modified in Stashed changes.  Version Stashed changes of build/main/warn-main.txt left in tree.
CONFLICT (modify/delete): build/main/xref-main.html deleted in Updated upstream and modified in Stashed changes.  Version Stashed changes of build/main/xref-main.html left in tree.
warning: Cannot merge binary files: installer/portable_build/main.exe (Updated upstream:installer/portable_build/main.exe vs. Stashed changes:build/main/main.pkg)
Auto-merging installer/portable_build/main.exe
CONFLICT (content): Merge conflict in installer/portable_build/main.exe
Auto-merging main.py
CONFLICT (modify/delete): main.spec deleted in Updated upstream and modified in Stashed changes.  Version Stashed changes of main.spec left in tree.
warning: Cannot merge binary files: portable_build/main.exe (Updated upstream:portable_build/main.exe vs. Stashed changes:build/RR_BILLING_PRO/RR_BILLING_PRO.pkg)
Auto-merging portable_build/main.exe
CONFLICT (content): Merge conflict in portable_build/main.exe
CONFLICT (modify/delete): rr_billing_audit.jsonl deleted in Updated upstream and modified in Stashed changes.  Version Stashed changes of rr_billing_audit.jsonl left in tree.
CONFLICT (modify/delete): update.log deleted in Updated upstream and modified in Stashed changes.  Version Stashed changes of update.log left in tree.
On branch master
Your branch is ahead of 'origin/master' by 1 commit.
  (use "git push" to publish your local commits)

Changes to be committed:
  (use "git restore --staged <file>..." to unstage)
	modified:   main.py

Unmerged paths:
  (use "git restore --staged <file>..." to unstage)
  (use "git add/rm <file>..." as appropriate to mark resolution)
	both modified:   PACKAGE/RRBILLINGPRO/RRBILLINGPRO.exe
	deleted by them: PACKAGE/RRBILLINGPRO/logo.ico
	deleted by us:   RR_BILLING_PRO.spec
	deleted by us:   build/RR_BILLING_PRO/Analysis-00.toc
	deleted by us:   build/RR_BILLING_PRO/EXE-00.toc
	deleted by us:   build/RR_BILLING_PRO/PKG-00.toc
	deleted by us:   build/RR_BILLING_PRO/PYZ-00.pyz
	deleted by us:   build/RR_BILLING_PRO/PYZ-00.toc
	deleted by us:   build/RR_BILLING_PRO/base_library.zip
	deleted by us:   build/RR_BILLING_PRO/warn-RR_BILLING_PRO.txt
	deleted by us:   build/RR_BILLING_PRO/xref-RR_BILLING_PRO.html
	deleted by us:   build/main/Analysis-00.toc
	deleted by us:   build/main/EXE-00.toc
	deleted by us:   build/main/PKG-00.toc
	deleted by us:   build/main/PYZ-00.toc
	deleted by us:   build/main/base_library.zip
	deleted by us:   build/main/warn-main.txt
	deleted by us:   build/main/xref-main.html
	both modified:   installer/portable_build/main.exe
	deleted by us:   main.spec
	both modified:   portable_build/main.exe
	deleted by us:   rr_billing_audit.jsonl
	deleted by us:   update.log

The stash entry is kept in case you need it again.
[2026-07-02 03:14:24] Pull successful
[2026-07-02 03:17:02] Checking for updates...
[2026-07-02 03:17:03] Update tersedia: 0 commit(s) di remote (b0c2d22 → f425e8d)
[2026-07-02 03:17:04] Pulling updates dari origin/master...
[2026-07-02 03:17:04] Stash warning: error: could not write index
[2026-07-02 03:17:04] Pull failed: error: Pulling is not possible because you have unmerged files.
hint: Fix them up in the work tree, and then use 'git add/rm <file>'
hint: as appropriate to mark resolution and make a commit.
fatal: Exiting because of an unresolved conflict.
[2026-07-02 03:20:04] Checking for updates...
[2026-07-02 03:20:05] Aplikasi sudah up-to-date
[2026-07-02 03:20:07] Checking for updates...
[2026-07-02 03:20:08] Aplikasi sudah up-to-date
[2026-07-02 03:21:54] Checking for updates...
[2026-07-02 03:21:55] Update tersedia: 0 commit(s) di remote (3d79e6a → b44a037)
[2026-07-02 03:21:56] Pulling updates dari origin/master...
[2026-07-02 03:21:57] Pull successful
[2026-07-02 03:39:15] Checking for updates...
[2026-07-02 03:39:16] Update tersedia: 0 commit(s) di remote (3d79e6a → b44a037)
[2026-07-02 03:39:18] Pulling updates dari origin/master...
[2026-07-02 03:39:20] Pull successful
[2026-07-08 18:25:56] Checking for updates...
[2026-07-08 18:25:57] Checking for updates...
[2026-07-08 18:25:59] Aplikasi sudah up-to-date
[2026-07-08 18:25:59] Aplikasi sudah up-to-date
[2026-07-17 10:25:52] Checking for updates...
[2026-07-17 10:25:53] Checking for updates...
[2026-07-17 10:25:54] Aplikasi sudah up-to-date
[2026-07-17 10:25:54] Aplikasi sudah up-to-date
[2026-07-18 10:43:50] Checking for updates...
[2026-07-18 10:43:52] Aplikasi sudah up-to-date
[2026-07-18 11:08:27] Checking for updates...
[2026-07-18 11:08:29] Aplikasi sudah up-to-date
[2026-07-18 11:15:42] Checking for updates...
[2026-07-18 11:15:43] Aplikasi sudah up-to-date
[2026-07-18 11:39:48] Checking for updates...
[2026-07-18 11:39:49] Aplikasi sudah up-to-date
[2026-07-18 14:30:36] Checking for updates...
[2026-07-18 14:30:37] Aplikasi sudah up-to-date
[2026-07-18 15:15:36] Checking for updates...
[2026-07-18 15:15:37] Aplikasi sudah up-to-date
[2026-07-18 15:26:54] Checking for updates...
[2026-07-18 15:26:56] Aplikasi sudah up-to-date
[2026-07-18 15:42:02] Checking for updates...
[2026-07-18 15:42:02] Fetch failed: fatal: unable to access 'https://github.com/dedekemoking-commits/rr_billing_pro_windows.git/': Could not resolve host: github.com
[2026-07-18 15:54:14] Checking for updates...
[2026-07-18 15:54:16] Aplikasi sudah up-to-date
[2026-07-18 15:56:13] Checking for updates...
[2026-07-18 15:56:14] Aplikasi sudah up-to-date
[2026-07-18 15:57:54] Checking for updates...
[2026-07-18 15:59:13] Checking for updates...
[2026-07-18 15:59:14] Aplikasi sudah up-to-date
[2026-07-18 16:09:46] Checking for updates...
[2026-07-18 16:09:47] Aplikasi sudah up-to-date
[2026-07-18 16:32:41] Checking for updates...
[2026-07-18 16:32:42] Aplikasi sudah up-to-date
[2026-07-18 16:34:21] Checking for updates...
[2026-07-18 16:34:22] Aplikasi sudah up-to-date
[2026-07-18 16:36:55] Checking for updates...
[2026-07-18 16:36:56] Aplikasi sudah up-to-date
[2026-07-18 16:40:31] Checking for updates...
[2026-07-18 16:40:32] Aplikasi sudah up-to-date
[2026-07-18 16:45:55] Checking for updates...
[2026-07-18 16:45:56] Aplikasi sudah up-to-date
[2026-07-18 16:49:59] Checking for updates...
[2026-07-18 16:50:00] Aplikasi sudah up-to-date
[2026-07-18 17:17:13] Checking for updates...
[2026-07-18 17:17:13] Fetch failed: fatal: unable to access 'https://github.com/dedekemoking-commits/rr_billing_pro_windows.git/': Could not resolve host: github.com
[2026-07-18 17:19:40] Checking for updates...
[2026-07-18 17:19:41] Aplikasi sudah up-to-date
[2026-07-18 17:28:15] Checking for updates...
[2026-07-18 17:28:16] Aplikasi sudah up-to-date
[2026-07-18 17:36:08] Checking for updates...
[2026-07-18 17:36:10] Aplikasi sudah up-to-date
[2026-07-18 17:42:22] Checking for updates...
[2026-07-18 17:42:24] Aplikasi sudah up-to-date
[2026-07-18 17:51:57] Checking for updates...
[2026-07-18 17:51:58] Aplikasi sudah up-to-date
[2026-07-18 17:52:43] Checking for updates...
[2026-07-18 17:52:44] Aplikasi sudah up-to-date
[2026-07-18 18:05:08] Checking for updates...
[2026-07-18 18:05:09] Aplikasi sudah up-to-date
[2026-07-18 23:28:17] Checking for updates...
[2026-07-18 23:28:20] Aplikasi sudah up-to-date
[2026-07-19 00:19:55] Checking for updates...
[2026-07-19 00:19:57] Aplikasi sudah up-to-date
[2026-07-19 00:42:47] Checking for updates...
[2026-07-19 00:42:47] Fetch failed: fatal: unable to access 'https://github.com/dedekemoking-commits/rr_billing_pro_windows.git/': Could not resolve host: github.com
[2026-07-19 03:45:20] Checking for updates...
[2026-07-19 03:45:20] Fetch failed: fatal: unable to access 'https://github.com/dedekemoking-commits/rr_billing_pro_windows.git/': Could not resolve host: github.com
[2026-07-19 12:27:18] Checking for updates...
[2026-07-19 12:27:20] Aplikasi sudah up-to-date
[2026-07-19 12:55:35] Checking for updates...
[2026-07-19 12:55:36] Aplikasi sudah up-to-date
[2026-07-19 13:35:26] Checking for updates...
[2026-07-19 13:35:28] Aplikasi sudah up-to-date
[2026-07-19 15:22:36] Checking for updates...
[2026-07-19 15:22:38] Aplikasi sudah up-to-date
[2026-07-19 15:52:53] Checking for updates...
[2026-07-19 15:52:54] Aplikasi sudah up-to-date
[2026-07-19 16:17:49] Checking for updates...
[2026-07-19 16:17:49] Fetch failed: fatal: unable to access 'https://github.com/dedekemoking-commits/rr_billing_pro_windows.git/': Could not resolve host: github.com
[2026-07-19 16:23:22] Checking for updates...
[2026-07-19 16:23:34] Aplikasi sudah up-to-date
[2026-07-19 16:28:49] Checking for updates...
[2026-07-19 16:28:50] Aplikasi sudah up-to-date
[2026-07-19 16:38:48] Checking for updates...
[2026-07-19 16:38:49] Aplikasi sudah up-to-date
[2026-07-19 17:01:34] Checking for updates...
[2026-07-19 17:01:35] Aplikasi sudah up-to-date
[2026-07-19 18:11:46] Checking for updates...
[2026-07-19 18:11:46] Fetch failed: fatal: unable to access 'https://github.com/dedekemoking-commits/rr_billing_pro_windows.git/': Could not resolve host: github.com
[2026-07-20 01:31:31] Checking for updates...
[2026-07-20 01:31:32] Aplikasi sudah up-to-date
[2026-07-20 01:47:14] Checking for updates...
[2026-07-20 01:47:15] Aplikasi sudah up-to-date
[2026-07-20 01:54:57] Checking for updates...
[2026-07-20 01:54:58] Aplikasi sudah up-to-date
[2026-07-20 02:01:31] Checking for updates...
[2026-07-20 02:01:32] Aplikasi sudah up-to-date
[2026-07-20 02:07:26] Checking for updates...
[2026-07-20 02:07:28] Update tersedia: 0 commit(s) di remote (e5ea1d6 → bfa7c06)
[2026-07-20 02:12:43] Checking for updates...
[2026-07-20 02:12:44] Update tersedia: 0 commit(s) di remote (e515636 → bfa7c06)
[2026-07-20 02:18:05] Checking for updates...
[2026-07-20 02:18:07] Update tersedia: 0 commit(s) di remote (14949d2 → bfa7c06)
[2026-07-20 02:25:45] Checking for updates...
[2026-07-20 02:25:46] Update tersedia: 0 commit(s) di remote (8f2f1ab → bfa7c06)
[2026-07-20 02:31:27] Checking for updates...
[2026-07-20 02:31:28] Update tersedia: 0 commit(s) di remote (8f2f1ab → bfa7c06)
[2026-07-20 02:32:53] Checking for updates...
[2026-07-20 02:32:54] Update tersedia: 0 commit(s) di remote (c5cbd91 → bfa7c06)
[2026-07-20 02:34:29] Checking for updates...
[2026-07-20 02:34:30] Update tersedia: 0 commit(s) di remote (c5cbd91 → bfa7c06)
[2026-07-20 02:35:56] Checking for updates...
[2026-07-20 02:35:57] Update tersedia: 0 commit(s) di remote (73ae966 → bfa7c06)
[2026-07-20 02:40:08] Checking for updates...
[2026-07-20 02:40:10] Update tersedia: 0 commit(s) di remote (827d22f → bfa7c06)
[2026-07-20 02:42:17] Checking for updates...
[2026-07-20 02:42:18] Update tersedia: 0 commit(s) di remote (827d22f → bfa7c06)
